192.168.123.29 - - [06/Aug/2020:10:08:26 +0900] "POST /HSPF01/TOT/iv/m_iv_tot_hspf/sql/M_IV_TOT_HSPF.jsp?_dc=1596675587978 HTTP/1.1" 200 17
192.168.123.29 - - [06/Aug/2020:10:08:26 +0900] "GET /HSPF01/TOT/iv/m_iv_tot_hspf/sql/M_IV_TOT_HSPF.jsp?_dc=1596675588021&V_TYPE=S&V_COMP_ID=HSN&V_USR_ID=YOUN0588&V_MVMT_DT_FR=2020-07-01T00%3A00%3A00&V_MVMT_DT_TO=2020-07-31T00%3A00%3A00&V_M_BP_NM=%EA%B8%88%ED%98%B8%ED%8F%B4%EB%A6%AC%EC%BC%90&V_ITEM_CD=&V_ITEM_NM=5770&V_SWM_YN=&page=1&start=0&limit=25 HTTP/1.1" 200 43
192.168.123.29 - - [06/Aug/2020:10:08:26 +0900] "POST /HSPF01/TOT/iv/m_iv_tot_hspf/sql/M_IV_TOT_HSPF.jsp HTTP/1.1" 200 504
192.168.123.29 - - [06/Aug/2020:10:08:26 +0900] "GET /HSPF01/TOT/iv/m_iv_tot_hspf/sql/M_IV_TOT_HSPF.jsp?_dc=1596675588407&V_TYPE=SD&V_COMP_ID=HSN&V_USR_ID=YOUN0588&V_IV_NO=IV2020073100005&page=1&start=0&limit=25 HTTP/1.1" 200 3479
119.205.211.103 - - [06/Aug/2020:10:08:34 +0900] "GET /RPA/WTI_DATA_TO_JSON.jsp HTTP/1.1" 200 3877
192.168.123.29 - - [06/Aug/2020:10:09:40 +0900] "POST /HSPF01/TOT/iv/m_iv_tot_hspf/sql/M_IV_TOT_HSPF.jsp HTTP/1.1" 200 25
192.168.123.29 - - [06/Aug/2020:10:09:41 +0900] "POST /HSPF01/TOT/iv/m_iv_tot_hspf/sql/M_IV_TOT_HSPF.jsp?_dc=1596675662490 HTTP/1.1" 200 17
192.168.123.29 - - [06/Aug/2020:10:09:41 +0900] "GET /HSPF01/TOT/iv/m_iv_tot_hspf/sql/M_IV_TOT_HSPF.jsp?_dc=1596675662532&V_TYPE=S&V_COMP_ID=HSN&V_USR_ID=YOUN0588&V_MVMT_DT_FR=2020-07-01T00%3A00%3A00&V_MVMT_DT_TO=2020-07-31T00%3A00%3A00&V_M_BP_NM=%EA%B8%88%ED%98%B8%ED%8F%B4%EB%A6%AC%EC%BC%90&V_ITEM_CD=&V_ITEM_NM=5770&V_SWM_YN=&page=1&start=0&limit=25 HTTP/1.1" 200 43
192.168.123.29 - - [06/Aug/2020:10:09:41 +0900] "POST /HSPF01/TOT/iv/m_iv_tot_hspf/sql/M_IV_TOT_HSPF.jsp HTTP/1.1" 200 505
192.168.123.29 - - [06/Aug/2020:10:09:41 +0900] "GET /HSPF01/TOT/iv/m_iv_tot_hspf/sql/M_IV_TOT_HSPF.jsp?_dc=1596675662988&V_TYPE=SD&V_COMP_ID=HSN&V_USR_ID=YOUN0588&V_IV_NO=IV2020073100005&page=1&start=0&limit=25 HTTP/1.1" 200 3493
192.168.123.29 - - [06/Aug/2020:10:09:42 +0900] "POST /HSPF01/TOT/iv/m_iv_tot_hspf/sql/M_IV_TOT_HSPF.jsp HTTP/1.1" 200 137
192.168.123.29 - - [06/Aug/2020:10:09:43 +0900] "GET /HSPF01/TOT/iv/m_iv_tot_hspf/sql/M_IV_TOT_HSPF.jsp?_dc=1596675664439&V_TYPE=S&V_COMP_ID=HSN&V_USR_ID=YOUN0588&V_MVMT_DT_FR=2020-07-01T00%3A00%3A00&V_MVMT_DT_TO=2020-07-31T00%3A00%3A00&V_M_BP_NM=%EA%B8%88%ED%98%B8%ED%8F%B4%EB%A6%AC%EC%BC%90&V_ITEM_CD=&V_ITEM_NM=5770&V_SWM_YN=&page=1&start=0&limit=25 HTTP/1.1" 200 43
192.168.123.29 - - [06/Aug/2020:10:09:43 +0900] "POST /HSPF01/TOT/iv/m_iv_tot_hspf/sql/M_IV_TOT_HSPF.jsp HTTP/1.1" 200 516
192.168.123.29 - - [06/Aug/2020:10:09:43 +0900] "GET /HSPF01/TOT/iv/m_iv_tot_hspf/sql/M_IV_TOT_HSPF.jsp?_dc=1596675664729&V_TYPE=SD&V_COMP_ID=HSN&V_USR_ID=YOUN0588&V_IV_NO=IV2020073100005&page=1&start=0&limit=25 HTTP/1.1" 200 3493
123.141.69.182 - - [06/Aug/2020:10:10:27 +0900] "GET /HSPF01/common/frame/sql/MenuList.jsp?_dc=1596675717752&node=19 HTTP/1.1" 200 406
123.141.69.182 - - [06/Aug/2020:10:10:28 +0900] "GET /HSPF01/HSPF03/ss3/bill/s_bill_steel/S_BILL_STEEL.jsp HTTP/1.1" 200 1423
123.141.69.182 - - [06/Aug/2020:10:10:29 +0900] "GET /HSPF01/HSPF03/ss3/bill/s_bill_steel/app.js HTTP/1.1" 200 1362
123.141.69.182 - - [06/Aug/2020:10:10:29 +0900] "GET /HSPF01/HSPF03/ss3/bill/s_bill_steel/app/model/MyModel.js?_dc=1596675720284 HTTP/1.1" 200 1491
123.141.69.182 - - [06/Aug/2020:10:10:29 +0900] "GET /HSPF01/HSPF03/ss3/bill/s_bill_steel/app/view/TbButton.js?_dc=1596675720284 HTTP/1.1" 200 1934
123.141.69.182 - - [06/Aug/2020:10:10:29 +0900] "GET /HSPF01/HSPF03/ss3/bill/s_bill_steel/app/view/MyViewport.js?_dc=1596675720284 HTTP/1.1" 200 27881
123.141.69.182 - - [06/Aug/2020:10:10:29 +0900] "GET /HSPF01/HSPF03/ss3/bill/s_bill_steel/app/view/MyForm.js?_dc=1596675720284 HTTP/1.1" 200 4637
123.141.69.182 - - [06/Aug/2020:10:10:29 +0900] "GET /HSPF01/HSPF03/ss3/bill/s_bill_steel/app/view/MyGrid.js?_dc=1596675720284 HTTP/1.1" 200 15524
123.141.69.182 - - [06/Aug/2020:10:10:29 +0900] "GET /HSPF01/HSPF03/ss3/bill/s_bill_steel/app/view/MyGrid1.js?_dc=1596675720284 HTTP/1.1" 200 17940
123.141.69.182 - - [06/Aug/2020:10:10:29 +0900] "GET /HSPF01/HSPF03/ss3/bill/s_bill_steel/app/store/MyStore.js?_dc=1596675720284 HTTP/1.1" 200 1664
123.141.69.182 - - [06/Aug/2020:10:10:29 +0900] "GET /HSPF01/HSPF03/ss3/bill/s_bill_steel/app/store/MyStore1.js?_dc=1596675720284 HTTP/1.1" 200 1667
123.141.69.182 - - [06/Aug/2020:10:10:29 +0900] "GET /HSPF01/HSPF03/ss3/bill/s_bill_steel/app/store/PopStore.js?_dc=1596675720284 HTTP/1.1" 200 1667
123.141.69.182 - - [06/Aug/2020:10:10:29 +0900] "GET /HSPF01/common/popup/app//store/WinSBpPopStore.js?_dc=1596675720284 HTTP/1.1" 200 1527
123.141.69.182 - - [06/Aug/2020:10:10:29 +0900] "GET /HSPF01/common/popup/app//store/WinBpPopStore.js?_dc=1596675720284 HTTP/1.1" 200 1524
123.141.69.182 - - [06/Aug/2020:10:10:29 +0900] "GET /HSPF01/HSPF03/ss3/bill/s_bill_steel/app/controller/TbButtonController.js?_dc=1596675720284 HTTP/1.1" 200 6694
123.141.69.182 - - [06/Aug/2020:10:10:29 +0900] "GET /HSPF01/HSPF03/ss3/bill/s_bill_steel/app/controller/MyGridController1.js?_dc=1596675720284 HTTP/1.1" 200 5387
123.141.69.182 - - [06/Aug/2020:10:10:29 +0900] "GET /HSPF01/HSPF03/ss3/bill/s_bill_steel/app/controller/MyGridController.js?_dc=1596675720284 HTTP/1.1" 200 10100
123.141.69.182 - - [06/Aug/2020:10:10:29 +0900] "GET /HSPF01/HSPF03/ss3/bill/s_bill_steel/app/controller/PopController.js?_dc=1596675720284 HTTP/1.1" 200 4069
123.141.69.182 - - [06/Aug/2020:10:10:29 +0900] "GET /HSPF01/common/popup/app//controller/WinSBpPopController.js?_dc=1596675720284 HTTP/1.1" 200 8734
123.141.69.182 - - [06/Aug/2020:10:10:29 +0900] "GET /HSPF01/common/popup/app//controller/WinBpPopController.js?_dc=1596675720284 HTTP/1.1" 200 5231
123.141.69.182 - - [06/Aug/2020:10:10:29 +0900] "GET /HSPF01/common/sql/Combobox.jsp?_dc=1596675720400&V_MAST_CD=SC02&V_GRID=Y&page=1&start=0&limit=25 HTTP/1.1" 200 268
123.141.69.182 - - [06/Aug/2020:10:10:29 +0900] "GET /HSPF01/common/sql/Combobox.jsp?_dc=1596675720403&V_MAST_CD=BA04&V_GRID=Y&page=1&start=0&limit=25 HTTP/1.1" 200 202
123.141.69.182 - - [06/Aug/2020:10:10:29 +0900] "GET /HSPF01/common/sql/Combobox.jsp?_dc=1596675720404&V_MAST_CD=MA03&V_GRID=Y&page=1&start=0&limit=25 HTTP/1.1" 200 3837
123.141.69.182 - - [06/Aug/2020:10:10:29 +0900] "GET /HSPF01/common/sql/Combobox.jsp?_dc=1596675720405&V_MAST_CD=MA04&V_GRID=Y&page=1&start=0&limit=25 HTTP/1.1" 200 884
123.141.69.182 - - [06/Aug/2020:10:10:29 +0900] "GET /HSPF01/common/sql/Combobox.jsp?_dc=1596675720402&V_MAST_CD=MA16&V_GRID=Y&page=1&start=0&limit=25 HTTP/1.1" 200 139
123.141.69.182 - - [06/Aug/2020:10:10:29 +0900] "GET /HSPF01/HSPF03/ss3/bill/s_bill_steel/app/view/MyViewportViewModel.js?_dc=1596675720371 HTTP/1.1" 200 678
123.141.69.182 - - [06/Aug/2020:10:10:29 +0900] "GET /HSPF01/HSPF03/ss3/bill/s_bill_steel/app/view/MyViewportViewController.js?_dc=1596675720371 HTTP/1.1" 200 1019
123.141.69.182 - - [06/Aug/2020:10:10:29 +0900] "GET /HSPF01/HSPF03/ss3/bill/s_bill_steel/app/view/TbButtonViewModel.js?_dc=1596675720373 HTTP/1.1" 200 672
123.141.69.182 - - [06/Aug/2020:10:10:29 +0900] "GET /HSPF01/HSPF03/ss3/bill/s_bill_steel/app/view/MyGridViewModel.js?_dc=1596675720379 HTTP/1.1" 200 666
123.141.69.182 - - [06/Aug/2020:10:10:29 +0900] "GET /HSPF01/HSPF03/ss3/bill/s_bill_steel/app/view/MyGrid1ViewModel.js?_dc=1596675720385 HTTP/1.1" 200 675
123.141.69.182 - - [06/Aug/2020:10:10:29 +0900] "GET /HSPF01/common/popup/app//model/MyModel.js?_dc=1596675720393 HTTP/1.1" 200 1398
123.141.69.182 - - [06/Aug/2020:10:10:29 +0900] "GET /HSPF01/common/popup/app//view/WinSBpPop.js?_dc=1596675720418 HTTP/1.1" 200 5587
123.141.69.182 - - [06/Aug/2020:10:10:29 +0900] "GET /HSPF01/common/popup/app//view/WinBpPop.js?_dc=1596675720419 HTTP/1.1" 200 5267
123.141.69.182 - - [06/Aug/2020:10:10:29 +0900] "GET /HSPF01/common/popup/app//view/WinSBpPopViewModel.js?_dc=1596675720533 HTTP/1.1" 200 667
123.141.69.182 - - [06/Aug/2020:10:10:29 +0900] "GET /HSPF01/common/popup/app//view/WinSBpGrid.js?_dc=1596675720533 HTTP/1.1" 200 1800
123.141.69.182 - - [06/Aug/2020:10:10:29 +0900] "GET /HSPF01/common/popup/app//view/WinBpPopViewModel.js?_dc=1596675720550 HTTP/1.1" 200 667
123.141.69.182 - - [06/Aug/2020:10:10:29 +0900] "GET /HSPF01/common/popup/app//view/WinBpGrid.js?_dc=1596675720550 HTTP/1.1" 200 1727
123.141.69.182 - - [06/Aug/2020:10:10:36 +0900] "GET /HSPF01/HSPF03/ss3/bill/s_bill_steel/sql/S_BILL_STEEL.jsp?_dc=1596675725950&V_TYPE=SH&V_COMP_ID=HSN&V_USR_ID=JAEWON9160&V_DN_DT_FR=2020-07-01T00%3A00%3A00&V_DN_DT_TO=2020-08-06T00%3A00%3A00&V_S_BP_NM=&page=1&start=0&limit=25 HTTP/1.1" 200 10786
192.168.123.29 - - [06/Aug/2020:10:10:42 +0900] "POST /HSPF01/TOT/iv/m_iv_tot_hspf/sql/M_IV_TOT_HSPF.jsp HTTP/1.1" 200 107
192.168.123.29 - - [06/Aug/2020:10:10:42 +0900] "GET /HSPF01/TOT/iv/m_iv_tot_hspf/sql/M_IV_TOT_HSPF.jsp?_dc=1596675724264&V_TYPE=S&V_COMP_ID=HSN&V_USR_ID=YOUN0588&V_MVMT_DT_FR=2020-07-01T00%3A00%3A00&V_MVMT_DT_TO=2020-07-31T00%3A00%3A00&V_M_BP_NM=%EA%B8%88%ED%98%B8%ED%8F%B4%EB%A6%AC%EC%BC%90&V_ITEM_CD=&V_ITEM_NM=5770&V_SWM_YN=&page=1&start=0&limit=25 HTTP/1.1" 200 43
192.168.123.29 - - [06/Aug/2020:10:10:42 +0900] "POST /HSPF01/TOT/iv/m_iv_tot_hspf/sql/M_IV_TOT_HSPF.jsp HTTP/1.1" 200 504
192.168.123.29 - - [06/Aug/2020:10:10:42 +0900] "GET /HSPF01/TOT/iv/m_iv_tot_hspf/sql/M_IV_TOT_HSPF.jsp?_dc=1596675724585&V_TYPE=SD&V_COMP_ID=HSN&V_USR_ID=YOUN0588&V_IV_NO=IV2020073100005&page=1&start=0&limit=25 HTTP/1.1" 200 3493
192.168.123.29 - - [06/Aug/2020:10:10:45 +0900] "POST /HSPF01/TOT/iv/m_iv_tot_hspf/sql/M_IV_TOT_HSPF.jsp?_dc=1596675726689 HTTP/1.1" 200 17
192.168.123.29 - - [06/Aug/2020:10:10:45 +0900] "GET /HSPF01/TOT/iv/m_iv_tot_hspf/sql/M_IV_TOT_HSPF.jsp?_dc=1596675726770&V_TYPE=SD&V_COMP_ID=HSN&V_USR_ID=YOUN0588&V_IV_NO=IV2020073100005&page=1&start=0&limit=25 HTTP/1.1" 200 43
192.168.123.29 - - [06/Aug/2020:10:10:45 +0900] "GET /HSPF01/TOT/iv/m_iv_tot_hspf/sql/M_IV_TOT_HSPF.jsp?_dc=1596675726757&V_TYPE=S&V_COMP_ID=HSN&V_USR_ID=YOUN0588&V_MVMT_DT_FR=2020-07-01T00%3A00%3A00&V_MVMT_DT_TO=2020-07-31T00%3A00%3A00&V_M_BP_NM=%EA%B8%88%ED%98%B8%ED%8F%B4%EB%A6%AC%EC%BC%90&V_ITEM_CD=&V_ITEM_NM=5770&V_SWM_YN=&page=1&start=0&limit=25 HTTP/1.1" 200 548
123.141.69.182 - - [06/Aug/2020:10:10:45 +0900] "GET /HSPF01/HSPF03/ss3/dn/s_dn_paper/sql/S_DN_PAPER.jsp?_dc=1596675736522&V_TYPE=S1&V_COMP_ID=HSN&V_USR_ID=JAEWON9160&V_DN_REQ_DT=2020-07-30T00%3A00%3A00&V_S_BP_NM=&page=1&start=0&limit=25 HTTP/1.1" 200 43
123.141.69.182 - - [06/Aug/2020:10:10:45 +0900] "GET /HSPF01/HSPF03/ss3/dn/s_dn_paper/sql/S_DN_PAPER.jsp?_dc=1596675736653&V_TYPE=T2H&V_COMP_ID=HSN&V_USR_ID=JAEWON9160&V_DN_REQ_DT=2020-07-30T00%3A00%3A00&V_S_BP_NM=&page=1&start=0&limit=25 HTTP/1.1" 200 1572
123.141.69.182 - - [06/Aug/2020:10:10:46 +0900] "GET /HSPF01/HSPF03/ss3/dn/s_dn_paper/sql/S_DN_PAPER.jsp?_dc=1596675736702&V_TYPE=T3&V_COMP_ID=HSN&V_USR_ID=JAEWON9160&V_DN_REQ_DT=2020-07-30T00%3A00%3A00&V_S_BP_NM=&page=1&start=0&limit=25 HTTP/1.1" 200 6644
192.168.123.29 - - [06/Aug/2020:10:10:52 +0900] "GET /HSPF01/TOT/iv/m_iv_tot_hspf/sql/M_IV_TOT_HSPF.jsp?_dc=1596675734317&V_TYPE=S&V_COMP_ID=HSN&V_USR_ID=YOUN0588&V_MVMT_DT_FR=2020-07-01T00%3A00%3A00&V_MVMT_DT_TO=2020-07-31T00%3A00%3A00&V_M_BP_NM=%EA%B8%88%ED%98%B8%ED%8F%B4%EB%A6%AC%EC%BC%90&V_ITEM_CD=&V_ITEM_NM=2371&V_SWM_YN=&page=1&start=0&limit=25 HTTP/1.1" 200 5935
123.141.69.182 - - [06/Aug/2020:10:10:55 +0900] "POST /HSPF01/HSPF03/ss3/dn/s_dn_paper/sql/S_DN_PAPER.jsp?_dc=1596675746516 HTTP/1.1" 200 63
123.141.69.182 - - [06/Aug/2020:10:10:56 +0900] "GET /HSPF01/HSPF03/ss3/dn/s_dn_paper/sql/S_DN_PAPER.jsp?_dc=1596675746776&V_TYPE=T3&V_COMP_ID=HSN&V_USR_ID=JAEWON9160&V_DN_REQ_DT=2020-07-30T00%3A00%3A00&V_S_BP_NM=&page=1&start=0&limit=25 HTTP/1.1" 200 6615
123.141.69.182 - - [06/Aug/2020:10:10:59 +0900] "GET /HSPF01/HSPF03/ss3/bill/s_bill_steel/sql/S_BILL_STEEL.jsp?_dc=1596675750175&V_TYPE=SH&V_COMP_ID=HSN&V_USR_ID=JAEWON9160&V_DN_DT_FR=2020-07-01T00%3A00%3A00&V_DN_DT_TO=2020-08-06T00%3A00%3A00&V_S_BP_NM=&page=1&start=0&limit=25 HTTP/1.1" 200 14735
192.168.123.98 - - [06/Aug/2020:10:11:17 +0900] "GET /HSPF01/SWM/sale/sale1/blhana/sql/InvDtlReg.jsp?_dc=1596675767248&V_BL_MGM_NO=&page=1&start=0&limit=25 HTTP/1.1" 200 43
192.168.123.98 - - [06/Aug/2020:10:11:18 +0900] "GET /HSPF01/SWM/sale/sale1/blhana/sql/InvDtlReg.jsp?_dc=1596675768045&V_BL_MGM_NO=&page=1&start=0&limit=25 HTTP/1.1" 200 43
192.168.123.98 - - [06/Aug/2020:10:11:18 +0900] "GET /HSPF01/SWM/sale/sale1/blhana/sql/InvDtlReg.jsp?_dc=1596675768584&V_BL_MGM_NO=&page=1&start=0&limit=25 HTTP/1.1" 200 43
192.168.123.98 - - [06/Aug/2020:10:11:18 +0900] "GET /HSPF01/SWM/sale/sale1/blhana/sql/InvDtlReg.jsp?_dc=1596675768685&V_BL_MGM_NO=&page=1&start=0&limit=25 HTTP/1.1" 200 43
192.168.123.98 - - [06/Aug/2020:10:11:19 +0900] "GET /HSPF01/SWM/sale/sale1/blhana/sql/InvDtlReg.jsp?_dc=1596675769159&V_BL_MGM_NO=&page=1&start=0&limit=25 HTTP/1.1" 200 43
192.168.123.98 - - [06/Aug/2020:10:11:21 +0900] "GET /HSPF01/SWM/sale/sale1/blhana/sql/InvDtlReg.jsp?_dc=1596675770851&V_BL_MGM_NO=&page=1&start=0&limit=25 HTTP/1.1" 200 43
192.168.123.98 - - [06/Aug/2020:10:11:21 +0900] "GET /HSPF01/SWM/sale/sale1/blhana/sql/InvDtlReg.jsp?_dc=1596675771124&V_BL_MGM_NO=&page=1&start=0&limit=25 HTTP/1.1" 200 43
192.168.123.98 - - [06/Aug/2020:10:11:27 +0900] "GET /HSPF01/SWM/sale/sale1/blhana/sql/InvDtlReg.jsp?_dc=1596675777786&V_BL_MGM_NO=MB2020080600004&page=1&start=0&limit=25 HTTP/1.1" 200 164
192.168.123.98 - - [06/Aug/2020:10:11:28 +0900] "GET /HSPF01/SWM/sale/sale1/blhana/sql/InvDtlReg.jsp?_dc=1596675778084&V_BL_MGM_NO=MB2020080600004&page=1&start=0&limit=25 HTTP/1.1" 200 164
192.168.123.98 - - [06/Aug/2020:10:11:28 +0900] "GET /HSPF01/SWM/sale/sale1/blhana/sql/InvDtlReg.jsp?_dc=1596675778739&V_BL_MGM_NO=MB2020080600004&page=1&start=0&limit=25 HTTP/1.1" 200 164
192.168.123.98 - - [06/Aug/2020:10:11:29 +0900] "GET /HSPF01/SWM/sale/sale1/blhana/sql/InvDtlReg.jsp?_dc=1596675779206&V_BL_MGM_NO=&page=1&start=0&limit=25 HTTP/1.1" 200 43
192.168.123.29 - - [06/Aug/2020:10:11:31 +0900] "POST /HSPF01/TOT/iv/m_iv_tot_hspf/sql/M_IV_TOT_HSPF.jsp HTTP/1.1" 200 25
192.168.123.29 - - [06/Aug/2020:10:11:31 +0900] "POST /HSPF01/TOT/iv/m_iv_tot_hspf/sql/M_IV_TOT_HSPF.jsp?_dc=1596675772824 HTTP/1.1" 200 17
192.168.123.29 - - [06/Aug/2020:10:11:31 +0900] "GET /HSPF01/TOT/iv/m_iv_tot_hspf/sql/M_IV_TOT_HSPF.jsp?_dc=1596675772873&V_TYPE=S&V_COMP_ID=HSN&V_USR_ID=YOUN0588&V_MVMT_DT_FR=2020-07-01T00%3A00%3A00&V_MVMT_DT_TO=2020-07-31T00%3A00%3A00&V_M_BP_NM=%EA%B8%88%ED%98%B8%ED%8F%B4%EB%A6%AC%EC%BC%90&V_ITEM_CD=&V_ITEM_NM=2371&V_SWM_YN=&page=1&start=0&limit=25 HTTP/1.1" 200 3910
192.168.123.29 - - [06/Aug/2020:10:11:31 +0900] "POST /HSPF01/TOT/iv/m_iv_tot_hspf/sql/M_IV_TOT_HSPF.jsp HTTP/1.1" 200 504
192.168.123.29 - - [06/Aug/2020:10:11:31 +0900] "GET /HSPF01/TOT/iv/m_iv_tot_hspf/sql/M_IV_TOT_HSPF.jsp?_dc=1596675773192&V_TYPE=SD&V_COMP_ID=HSN&V_USR_ID=YOUN0588&V_IV_NO=IV2020073000035&page=1&start=0&limit=25 HTTP/1.1" 200 1479
192.168.123.98 - - [06/Aug/2020:10:11:32 +0900] "GET /HSPF01/SWM/sale/sale1/blhana/sql/InvDtlReg.jsp?_dc=1596675782644&V_BL_MGM_NO=&page=1&start=0&limit=25 HTTP/1.1" 200 43
192.168.123.29 - - [06/Aug/2020:10:11:36 +0900] "POST /HSPF01/TOT/iv/m_iv_tot_hspf/sql/M_IV_TOT_HSPF.jsp HTTP/1.1" 200 25
192.168.123.29 - - [06/Aug/2020:10:11:36 +0900] "POST /HSPF01/TOT/iv/m_iv_tot_hspf/sql/M_IV_TOT_HSPF.jsp?_dc=1596675777682 HTTP/1.1" 200 17
192.168.123.29 - - [06/Aug/2020:10:11:36 +0900] "GET /HSPF01/TOT/iv/m_iv_tot_hspf/sql/M_IV_TOT_HSPF.jsp?_dc=1596675777726&V_TYPE=S&V_COMP_ID=HSN&V_USR_ID=YOUN0588&V_MVMT_DT_FR=2020-07-01T00%3A00%3A00&V_MVMT_DT_TO=2020-07-31T00%3A00%3A00&V_M_BP_NM=%EA%B8%88%ED%98%B8%ED%8F%B4%EB%A6%AC%EC%BC%90&V_ITEM_CD=&V_ITEM_NM=2371&V_SWM_YN=&page=1&start=0&limit=25 HTTP/1.1" 200 3910
192.168.123.29 - - [06/Aug/2020:10:11:36 +0900] "POST /HSPF01/TOT/iv/m_iv_tot_hspf/sql/M_IV_TOT_HSPF.jsp HTTP/1.1" 200 505
192.168.123.29 - - [06/Aug/2020:10:11:36 +0900] "GET /HSPF01/TOT/iv/m_iv_tot_hspf/sql/M_IV_TOT_HSPF.jsp?_dc=1596675778057&V_TYPE=SD&V_COMP_ID=HSN&V_USR_ID=YOUN0588&V_IV_NO=IV2020073000035&page=1&start=0&limit=25 HTTP/1.1" 200 1475
192.168.123.98 - - [06/Aug/2020:10:11:37 +0900] "GET /HSPF01/SWM/sale/sale1/blhana/sql/InvDtlReg.jsp?_dc=1596675787444&V_BL_MGM_NO=&page=1&start=0&limit=25 HTTP/1.1" 200 43
192.168.123.29 - - [06/Aug/2020:10:11:38 +0900] "GET /HSPF01/TOT/iv/m_iv_tot_hspf/sql/M_IV_TOT_HSPF.jsp?_dc=1596675779864&V_TYPE=S&V_COMP_ID=HSN&V_USR_ID=YOUN0588&V_MVMT_DT_FR=2020-07-01T00%3A00%3A00&V_MVMT_DT_TO=2020-07-31T00%3A00%3A00&V_M_BP_NM=%EA%B8%88%ED%98%B8%ED%8F%B4%EB%A6%AC%EC%BC%90&V_ITEM_CD=&V_ITEM_NM=350&V_SWM_YN=&page=1&start=0&limit=25 HTTP/1.1" 200 4415
192.168.123.29 - - [06/Aug/2020:10:11:38 +0900] "POST /HSPF01/TOT/iv/m_iv_tot_hspf/sql/M_IV_TOT_HSPF.jsp HTTP/1.1" 200 505
192.168.123.29 - - [06/Aug/2020:10:11:38 +0900] "GET /HSPF01/TOT/iv/m_iv_tot_hspf/sql/M_IV_TOT_HSPF.jsp?_dc=1596675780181&V_TYPE=SD&V_COMP_ID=HSN&V_USR_ID=YOUN0588&V_IV_NO=IV2020073000035&page=1&start=0&limit=25 HTTP/1.1" 200 1475
192.168.123.98 - - [06/Aug/2020:10:11:38 +0900] "GET /HSPF01/SWM/sale/sale1/blhana/sql/InvDtlReg.jsp?_dc=1596675788660&V_BL_MGM_NO=&page=1&start=0&limit=25 HTTP/1.1" 200 43
192.168.123.98 - - [06/Aug/2020:10:11:39 +0900] "GET /HSPF01/SWM/sale/sale1/blhana/sql/InvDtlReg.jsp?_dc=1596675789309&V_BL_MGM_NO=&page=1&start=0&limit=25 HTTP/1.1" 200 43
192.168.123.98 - - [06/Aug/2020:10:11:40 +0900] "GET /HSPF01/SWM/sale/sale1/blhana/sql/InvDtlReg.jsp?_dc=1596675790672&V_BL_MGM_NO=&page=1&start=0&limit=25 HTTP/1.1" 200 43
192.168.123.98 - - [06/Aug/2020:10:11:42 +0900] "POST /HSPF01/SWM/sale/sale1/blhana/sql/BlInsertSql.jsp?_dc=1596675791934 HTTP/1.1" 200 49
192.168.123.98 - - [06/Aug/2020:10:11:42 +0900] "POST /HSPF01/SWM/sale/sale1/blhana/sql/BlInsertSql.jsp?_dc=1596675791969 HTTP/1.1" 200 49
192.168.123.98 - - [06/Aug/2020:10:11:42 +0900] "GET /HSPF01/SWM/sale/sale1/blhana/sql/BlHsnaSql.jsp?_dc=1596675792000&u_lading_from_dt=2020-07-30T00%3A00%3A00&u_lading_to_dt=2020-09-05T00%3A00%3A00&page=1&start=0&limit=25 HTTP/1.1" 200 1251
192.168.123.98 - - [06/Aug/2020:10:11:42 +0900] "GET /HSPF01/SWM/sale/sale1/blhana/sql/InvHdrReg.jsp?_dc=1596675792013&u_inv_no=&u_lading_from_dt=2020-07-30T00%3A00%3A00&u_lading_to_dt=2020-09-05T00%3A00%3A00&page=1&start=0&limit=25 HTTP/1.1" 200 523
192.168.123.98 - - [06/Aug/2020:10:11:44 +0900] "GET /HSPF01/SWM/sale/sale1/blhana/sql/InvDtlReg.jsp?_dc=1596675794127&V_BL_MGM_NO=MB2020080600005&page=1&start=0&limit=25 HTTP/1.1" 200 43
192.168.123.29 - - [06/Aug/2020:10:11:46 +0900] "POST /HSPF01/TOT/iv/m_iv_tot_hspf/sql/M_IV_TOT_HSPF.jsp HTTP/1.1" 200 25
192.168.123.29 - - [06/Aug/2020:10:11:47 +0900] "POST /HSPF01/TOT/iv/m_iv_tot_hspf/sql/M_IV_TOT_HSPF.jsp?_dc=1596675788639 HTTP/1.1" 200 17
192.168.123.29 - - [06/Aug/2020:10:11:47 +0900] "POST /HSPF01/TOT/iv/m_iv_tot_hspf/sql/M_IV_TOT_HSPF.jsp?_dc=1596675788672 HTTP/1.1" 200 17
192.168.123.29 - - [06/Aug/2020:10:11:47 +0900] "GET /HSPF01/TOT/iv/m_iv_tot_hspf/sql/M_IV_TOT_HSPF.jsp?_dc=1596675788718&V_TYPE=S&V_COMP_ID=HSN&V_USR_ID=YOUN0588&V_MVMT_DT_FR=2020-07-01T00%3A00%3A00&V_MVMT_DT_TO=2020-07-31T00%3A00%3A00&V_M_BP_NM=%EA%B8%88%ED%98%B8%ED%8F%B4%EB%A6%AC%EC%BC%90&V_ITEM_CD=&V_ITEM_NM=350&V_SWM_YN=&page=1&start=0&limit=25 HTTP/1.1" 200 3909
192.168.123.29 - - [06/Aug/2020:10:11:47 +0900] "POST /HSPF01/TOT/iv/m_iv_tot_hspf/sql/M_IV_TOT_HSPF.jsp HTTP/1.1" 200 505
192.168.123.29 - - [06/Aug/2020:10:11:47 +0900] "GET /HSPF01/TOT/iv/m_iv_tot_hspf/sql/M_IV_TOT_HSPF.jsp?_dc=1596675789049&V_TYPE=SD&V_COMP_ID=HSN&V_USR_ID=YOUN0588&V_IV_NO=IV2020073000035&page=1&start=0&limit=25 HTTP/1.1" 200 1835
123.141.69.182 - - [06/Aug/2020:10:11:47 +0900] "GET /HSPF01/HSPF03/ss3/dn/s_dn_paper/sql/S_DN_PAPER.jsp?_dc=1596675798361&V_TYPE=T2D&V_COMP_ID=HSN&V_USR_ID=JAEWON9160&V_PRINT_NO=20200730-004&page=1&start=0&limit=25 HTTP/1.1" 200 1825
192.168.123.98 - - [06/Aug/2020:10:11:48 +0900] "GET /HSPF01/SWM/sale/sale1/blhana/sql/InvDtlReg.jsp?_dc=1596675798150&V_BL_MGM_NO=MB2020080600006&page=1&start=0&limit=25 HTTP/1.1" 200 43
192.168.123.29 - - [06/Aug/2020:10:11:50 +0900] "GET /HSPF01/TOT/iv/m_iv_tot_hspf/sql/M_IV_TOT_HSPF.jsp?_dc=1596675791520&V_TYPE=S&V_COMP_ID=HSN&V_USR_ID=YOUN0588&V_MVMT_DT_FR=2020-07-01T00%3A00%3A00&V_MVMT_DT_TO=2020-07-31T00%3A00%3A00&V_M_BP_NM=%EA%B8%88%ED%98%B8%ED%8F%B4%EB%A6%AC%EC%BC%90&V_ITEM_CD=&V_ITEM_NM=980&V_SWM_YN=&page=1&start=0&limit=25 HTTP/1.1" 200 9277
192.168.123.29 - - [06/Aug/2020:10:11:50 +0900] "POST /HSPF01/TOT/iv/m_iv_tot_hspf/sql/M_IV_TOT_HSPF.jsp HTTP/1.1" 200 505
192.168.123.29 - - [06/Aug/2020:10:11:50 +0900] "GET /HSPF01/TOT/iv/m_iv_tot_hspf/sql/M_IV_TOT_HSPF.jsp?_dc=1596675791902&V_TYPE=SD&V_COMP_ID=HSN&V_USR_ID=YOUN0588&V_IV_NO=IV2020073000035&page=1&start=0&limit=25 HTTP/1.1" 200 1835
192.168.123.29 - - [06/Aug/2020:10:12:00 +0900] "POST /HSPF01/TOT/iv/m_iv_tot_hspf/sql/M_IV_TOT_HSPF.jsp HTTP/1.1" 200 25
192.168.123.29 - - [06/Aug/2020:10:12:00 +0900] "POST /HSPF01/TOT/iv/m_iv_tot_hspf/sql/M_IV_TOT_HSPF.jsp?_dc=1596675801843 HTTP/1.1" 200 17
192.168.123.29 - - [06/Aug/2020:10:12:00 +0900] "POST /HSPF01/TOT/iv/m_iv_tot_hspf/sql/M_IV_TOT_HSPF.jsp?_dc=1596675801877 HTTP/1.1" 200 17
192.168.123.29 - - [06/Aug/2020:10:12:00 +0900] "GET /HSPF01/TOT/iv/m_iv_tot_hspf/sql/M_IV_TOT_HSPF.jsp?_dc=1596675801921&V_TYPE=S&V_COMP_ID=HSN&V_USR_ID=YOUN0588&V_MVMT_DT_FR=2020-07-01T00%3A00%3A00&V_MVMT_DT_TO=2020-07-31T00%3A00%3A00&V_M_BP_NM=%EA%B8%88%ED%98%B8%ED%8F%B4%EB%A6%AC%EC%BC%90&V_ITEM_CD=&V_ITEM_NM=980&V_SWM_YN=&page=1&start=0&limit=25 HTTP/1.1" 200 8772
192.168.123.29 - - [06/Aug/2020:10:12:00 +0900] "POST /HSPF01/TOT/iv/m_iv_tot_hspf/sql/M_IV_TOT_HSPF.jsp HTTP/1.1" 200 505
192.168.123.29 - - [06/Aug/2020:10:12:00 +0900] "GET /HSPF01/TOT/iv/m_iv_tot_hspf/sql/M_IV_TOT_HSPF.jsp?_dc=1596675802283&V_TYPE=SD&V_COMP_ID=HSN&V_USR_ID=YOUN0588&V_IV_NO=IV2020073000035&page=1&start=0&limit=25 HTTP/1.1" 200 2191
192.168.123.29 - - [06/Aug/2020:10:12:03 +0900] "GET /HSPF01/TOT/iv/m_iv_tot_hspf/sql/M_IV_TOT_HSPF.jsp?_dc=1596675804553&V_TYPE=S&V_COMP_ID=HSN&V_USR_ID=YOUN0588&V_MVMT_DT_FR=2020-07-01T00%3A00%3A00&V_MVMT_DT_TO=2020-07-31T00%3A00%3A00&V_M_BP_NM=%EA%B8%88%ED%98%B8%ED%8F%B4%EB%A6%AC%EC%BC%90&V_ITEM_CD=&V_ITEM_NM=2480&V_SWM_YN=&page=1&start=0&limit=25 HTTP/1.1" 200 13424
192.168.123.29 - - [06/Aug/2020:10:12:03 +0900] "POST /HSPF01/TOT/iv/m_iv_tot_hspf/sql/M_IV_TOT_HSPF.jsp HTTP/1.1" 200 505
192.168.123.29 - - [06/Aug/2020:10:12:03 +0900] "GET /HSPF01/TOT/iv/m_iv_tot_hspf/sql/M_IV_TOT_HSPF.jsp?_dc=1596675804953&V_TYPE=SD&V_COMP_ID=HSN&V_USR_ID=YOUN0588&V_IV_NO=IV2020073000035&page=1&start=0&limit=25 HTTP/1.1" 200 2191
192.168.123.98 - - [06/Aug/2020:10:12:12 +0900] "POST /HSPF01/SWM/sale/sale1/blhana/sql/InvRegInsert.jsp?_dc=1596675800945 HTTP/1.1" 200 46
192.168.123.98 - - [06/Aug/2020:10:12:12 +0900] "GET /HSPF01/SWM/sale/sale1/blhana/sql/InvDtlReg.jsp?_dc=1596675822785&V_BL_MGM_NO=MB2020080600006&page=1&start=0&limit=25 HTTP/1.1" 200 160
192.168.123.98 - - [06/Aug/2020:10:12:13 +0900] "GET /HSPF01/SWM/sale/sale1/blhana/sql/InvHdrReg.jsp?_dc=1596675822759&u_inv_no=&page=1&start=0&limit=25 HTTP/1.1" 200 405
192.168.123.98 - - [06/Aug/2020:10:12:14 +0900] "POST /HSPF01/SWM/sale/sale1/blhana/sql/BlInsertSql.jsp?_dc=1596675824272 HTTP/1.1" 200 49
192.168.123.98 - - [06/Aug/2020:10:12:14 +0900] "GET /HSPF01/SWM/sale/sale1/blhana/sql/BlHsnaSql.jsp?_dc=1596675824311&u_lading_from_dt=2020-07-30T00%3A00%3A00&u_lading_to_dt=2020-09-05T00%3A00%3A00&page=1&start=0&limit=25 HTTP/1.1" 200 1251
192.168.123.98 - - [06/Aug/2020:10:12:15 +0900] "GET /HSPF01/SWM/sale/sale1/blhana/sql/InvDtlReg.jsp?_dc=1596675825311&V_BL_MGM_NO=MB2020080600005&page=1&start=0&limit=25 HTTP/1.1" 200 43
192.168.123.29 - - [06/Aug/2020:10:12:23 +0900] "POST /HSPF01/TOT/iv/m_iv_tot_hspf/sql/M_IV_TOT_HSPF.jsp HTTP/1.1" 200 25
192.168.123.29 - - [06/Aug/2020:10:12:23 +0900] "POST /HSPF01/TOT/iv/m_iv_tot_hspf/sql/M_IV_TOT_HSPF.jsp?_dc=1596675825424 HTTP/1.1" 200 17
192.168.123.29 - - [06/Aug/2020:10:12:23 +0900] "POST /HSPF01/TOT/iv/m_iv_tot_hspf/sql/M_IV_TOT_HSPF.jsp?_dc=1596675825456 HTTP/1.1" 200 17
192.168.123.29 - - [06/Aug/2020:10:12:24 +0900] "GET /HSPF01/TOT/iv/m_iv_tot_hspf/sql/M_IV_TOT_HSPF.jsp?_dc=1596675825543&V_TYPE=S&V_COMP_ID=HSN&V_USR_ID=YOUN0588&V_MVMT_DT_FR=2020-07-01T00%3A00%3A00&V_MVMT_DT_TO=2020-07-31T00%3A00%3A00&V_M_BP_NM=%EA%B8%88%ED%98%B8%ED%8F%B4%EB%A6%AC%EC%BC%90&V_ITEM_CD=&V_ITEM_NM=2480&V_SWM_YN=&page=1&start=0&limit=25 HTTP/1.1" 200 11914
192.168.123.29 - - [06/Aug/2020:10:12:24 +0900] "POST /HSPF01/TOT/iv/m_iv_tot_hspf/sql/M_IV_TOT_HSPF.jsp HTTP/1.1" 200 505
192.168.123.29 - - [06/Aug/2020:10:12:24 +0900] "GET /HSPF01/TOT/iv/m_iv_tot_hspf/sql/M_IV_TOT_HSPF.jsp?_dc=1596675825934&V_TYPE=SD&V_COMP_ID=HSN&V_USR_ID=YOUN0588&V_IV_NO=IV2020073000035&page=1&start=0&limit=25 HTTP/1.1" 200 3307
192.168.123.29 - - [06/Aug/2020:10:12:26 +0900] "GET /HSPF01/TOT/iv/m_iv_tot_hspf/sql/M_IV_TOT_HSPF.jsp?_dc=1596675828376&V_TYPE=S&V_COMP_ID=HSN&V_USR_ID=YOUN0588&V_MVMT_DT_FR=2020-07-01T00%3A00%3A00&V_MVMT_DT_TO=2020-07-31T00%3A00%3A00&V_M_BP_NM=%EA%B8%88%ED%98%B8%ED%8F%B4%EB%A6%AC%EC%BC%90&V_ITEM_CD=&V_ITEM_NM=5770&V_SWM_YN=&page=1&start=0&limit=25 HTTP/1.1" 200 548
192.168.123.29 - - [06/Aug/2020:10:12:26 +0900] "POST /HSPF01/TOT/iv/m_iv_tot_hspf/sql/M_IV_TOT_HSPF.jsp HTTP/1.1" 200 505
192.168.123.29 - - [06/Aug/2020:10:12:27 +0900] "GET /HSPF01/TOT/iv/m_iv_tot_hspf/sql/M_IV_TOT_HSPF.jsp?_dc=1596675828675&V_TYPE=SD&V_COMP_ID=HSN&V_USR_ID=YOUN0588&V_IV_NO=IV2020073000035&page=1&start=0&limit=25 HTTP/1.1" 200 3307
192.168.123.29 - - [06/Aug/2020:10:12:29 +0900] "POST /HSPF01/TOT/iv/m_iv_tot_hspf/sql/M_IV_TOT_HSPF.jsp HTTP/1.1" 200 25
192.168.123.29 - - [06/Aug/2020:10:12:29 +0900] "POST /HSPF01/TOT/iv/m_iv_tot_hspf/sql/M_IV_TOT_HSPF.jsp?_dc=1596675831231 HTTP/1.1" 200 17
123.141.69.182 - - [06/Aug/2020:10:12:29 +0900] "POST /HSPF01/HSPF03/ss3/bill/s_bill_steel/sql/S_BILL_STEEL.jsp HTTP/1.1" 200 25
123.141.69.182 - - [06/Aug/2020:10:12:29 +0900] "POST /HSPF01/HSPF03/ss3/bill/s_bill_steel/sql/S_BILL_STEEL.jsp?_dc=1596675840318 HTTP/1.1" 200 17
192.168.123.29 - - [06/Aug/2020:10:12:29 +0900] "POST /HSPF01/TOT/iv/m_iv_tot_hspf/sql/M_IV_TOT_HSPF.jsp?_dc=1596675831257 HTTP/1.1" 200 17
123.141.69.182 - - [06/Aug/2020:10:12:29 +0900] "GET /HSPF01/HSPF03/ss3/bill/s_bill_steel/sql/S_BILL_STEEL.jsp?_dc=1596675840435&V_TYPE=SH&V_COMP_ID=HSN&V_USR_ID=JAEWON9160&V_DN_DT_FR=2020-07-01T00%3A00%3A00&V_DN_DT_TO=2020-08-06T00%3A00%3A00&V_S_BP_NM=&page=1&start=0&limit=25 HTTP/1.1" 200 12372
123.141.69.182 - - [06/Aug/2020:10:12:29 +0900] "POST /HSPF01/HSPF03/ss3/bill/s_bill_steel/sql/S_BILL_STEEL.jsp HTTP/1.1" 200 377
192.168.123.29 - - [06/Aug/2020:10:12:29 +0900] "GET /HSPF01/TOT/iv/m_iv_tot_hspf/sql/M_IV_TOT_HSPF.jsp?_dc=1596675831308&V_TYPE=S&V_COMP_ID=HSN&V_USR_ID=YOUN0588&V_MVMT_DT_FR=2020-07-01T00%3A00%3A00&V_MVMT_DT_TO=2020-07-31T00%3A00%3A00&V_M_BP_NM=%EA%B8%88%ED%98%B8%ED%8F%B4%EB%A6%AC%EC%BC%90&V_ITEM_CD=&V_ITEM_NM=5770&V_SWM_YN=&page=1&start=0&limit=25 HTTP/1.1" 200 43
192.168.123.29 - - [06/Aug/2020:10:12:30 +0900] "POST /HSPF01/TOT/iv/m_iv_tot_hspf/sql/M_IV_TOT_HSPF.jsp HTTP/1.1" 200 505
192.168.123.29 - - [06/Aug/2020:10:12:30 +0900] "GET /HSPF01/TOT/iv/m_iv_tot_hspf/sql/M_IV_TOT_HSPF.jsp?_dc=1596675831678&V_TYPE=SD&V_COMP_ID=HSN&V_USR_ID=YOUN0588&V_IV_NO=IV2020073000035&page=1&start=0&limit=25 HTTP/1.1" 200 3665
123.141.69.182 - - [06/Aug/2020:10:12:30 +0900] "GET /HSPF01/HSPF03/ss3/bill/s_bill_steel/sql/S_BILL_STEEL.jsp?_dc=1596675840745&V_TYPE=SD&V_COMP_ID=HSN&V_USR_ID=JAEWON9160&V_BILL_NO=BN2020073000059&page=1&start=0&limit=25 HTTP/1.1" 200 1631
192.168.123.98 - - [06/Aug/2020:10:12:32 +0900] "POST /HSPF01/SWM/sale/sale1/blhana/sql/InvRegInsert.jsp?_dc=1596675821107 HTTP/1.1" 200 46
192.168.123.98 - - [06/Aug/2020:10:12:33 +0900] "GET /HSPF01/SWM/sale/sale1/blhana/sql/InvDtlReg.jsp?_dc=1596675842898&V_BL_MGM_NO=MB2020080600006&page=1&start=0&limit=25 HTTP/1.1" 200 160
192.168.123.98 - - [06/Aug/2020:10:12:33 +0900] "GET /HSPF01/SWM/sale/sale1/blhana/sql/InvHdrReg.jsp?_dc=1596675842875&u_inv_no=&page=1&start=0&limit=25 HTTP/1.1" 200 405
123.141.69.182 - - [06/Aug/2020:10:12:33 +0900] "POST /HSPF01/HSPF03/ss3/bill/s_bill_steel/sql/S_BILL_STEEL.jsp HTTP/1.1" 200 137
123.141.69.182 - - [06/Aug/2020:10:12:33 +0900] "GET /HSPF01/HSPF03/ss3/bill/s_bill_steel/sql/S_BILL_STEEL.jsp?_dc=1596675844185&V_TYPE=SH&V_COMP_ID=HSN&V_USR_ID=JAEWON9160&V_DN_DT_FR=2020-07-01T00%3A00%3A00&V_DN_DT_TO=2020-08-06T00%3A00%3A00&V_S_BP_NM=&page=1&start=0&limit=25 HTTP/1.1" 200 12372
192.168.123.98 - - [06/Aug/2020:10:12:33 +0900] "POST /HSPF01/SWM/sale/sale1/blhana/sql/InvRegInsert.jsp?_dc=1596675827512 HTTP/1.1" 200 46
192.168.123.98 - - [06/Aug/2020:10:12:33 +0900] "GET /HSPF01/SWM/sale/sale1/blhana/sql/InvDtlReg.jsp?_dc=1596675843480&V_BL_MGM_NO=MB2020080600005&page=1&start=0&limit=25 HTTP/1.1" 200 160
123.141.69.182 - - [06/Aug/2020:10:12:33 +0900] "POST /HSPF01/HSPF03/ss3/bill/s_bill_steel/sql/S_BILL_STEEL.jsp HTTP/1.1" 200 389
192.168.123.98 - - [06/Aug/2020:10:12:33 +0900] "GET /HSPF01/SWM/sale/sale1/blhana/sql/InvHdrReg.jsp?_dc=1596675843468&u_inv_no=&page=1&start=0&limit=25 HTTP/1.1" 200 287
123.141.69.182 - - [06/Aug/2020:10:12:33 +0900] "GET /HSPF01/HSPF03/ss3/bill/s_bill_steel/sql/S_BILL_STEEL.jsp?_dc=1596675844474&V_TYPE=SD&V_COMP_ID=HSN&V_USR_ID=JAEWON9160&V_BILL_NO=BN2020073000059&page=1&start=0&limit=25 HTTP/1.1" 200 1631
192.168.123.98 - - [06/Aug/2020:10:12:34 +0900] "POST /HSPF01/SWM/sale/sale1/blhana/sql/BlInsertSql.jsp?_dc=1596675844305 HTTP/1.1" 200 49
192.168.123.98 - - [06/Aug/2020:10:12:34 +0900] "GET /HSPF01/SWM/sale/sale1/blhana/sql/BlHsnaSql.jsp?_dc=1596675844343&u_lading_from_dt=2020-07-30T00%3A00%3A00&u_lading_to_dt=2020-09-05T00%3A00%3A00&page=1&start=0&limit=25 HTTP/1.1" 200 1251
192.168.123.98 - - [06/Aug/2020:10:12:36 +0900] "GET /HSPF01/SWM/sale/sale1/blhana/sql/BlHsnaSql.jsp?_dc=1596675846245&u_lading_from_dt=2020-07-30T00%3A00%3A00&u_lading_to_dt=2020-09-05T00%3A00%3A00&page=1&start=0&limit=25 HTTP/1.1" 200 1251
192.168.123.98 - - [06/Aug/2020:10:12:36 +0900] "GET /HSPF01/SWM/sale/sale1/blhana/sql/InvHdrReg.jsp?_dc=1596675846261&u_inv_no=&u_lading_from_dt=2020-07-30T00%3A00%3A00&u_lading_to_dt=2020-09-05T00%3A00%3A00&page=1&start=0&limit=25 HTTP/1.1" 200 287
192.168.123.29 - - [06/Aug/2020:10:12:54 +0900] "POST /HSPF01/TOT/iv/m_iv_tot_hspf/sql/M_IV_TOT_HSPF.jsp HTTP/1.1" 200 25
192.168.123.29 - - [06/Aug/2020:10:12:55 +0900] "POST /HSPF01/TOT/iv/m_iv_tot_hspf/sql/M_IV_TOT_HSPF.jsp?_dc=1596675856509 HTTP/1.1" 200 17
192.168.123.29 - - [06/Aug/2020:10:12:55 +0900] "GET /HSPF01/TOT/iv/m_iv_tot_hspf/sql/M_IV_TOT_HSPF.jsp?_dc=1596675856579&V_TYPE=S&V_COMP_ID=HSN&V_USR_ID=YOUN0588&V_MVMT_DT_FR=2020-07-01T00%3A00%3A00&V_MVMT_DT_TO=2020-07-31T00%3A00%3A00&V_M_BP_NM=%EA%B8%88%ED%98%B8%ED%8F%B4%EB%A6%AC%EC%BC%90&V_ITEM_CD=&V_ITEM_NM=5770&V_SWM_YN=&page=1&start=0&limit=25 HTTP/1.1" 200 43
192.168.123.29 - - [06/Aug/2020:10:12:55 +0900] "POST /HSPF01/TOT/iv/m_iv_tot_hspf/sql/M_IV_TOT_HSPF.jsp HTTP/1.1" 200 505
192.168.123.29 - - [06/Aug/2020:10:12:55 +0900] "GET /HSPF01/TOT/iv/m_iv_tot_hspf/sql/M_IV_TOT_HSPF.jsp?_dc=1596675856921&V_TYPE=SD&V_COMP_ID=HSN&V_USR_ID=YOUN0588&V_IV_NO=IV2020073000035&page=1&start=0&limit=25 HTTP/1.1" 200 3493
192.168.123.29 - - [06/Aug/2020:10:12:56 +0900] "POST /HSPF01/TOT/iv/m_iv_tot_hspf/sql/M_IV_TOT_HSPF.jsp HTTP/1.1" 200 137
192.168.123.29 - - [06/Aug/2020:10:12:57 +0900] "GET /HSPF01/TOT/iv/m_iv_tot_hspf/sql/M_IV_TOT_HSPF.jsp?_dc=1596675858485&V_TYPE=S&V_COMP_ID=HSN&V_USR_ID=YOUN0588&V_MVMT_DT_FR=2020-07-01T00%3A00%3A00&V_MVMT_DT_TO=2020-07-31T00%3A00%3A00&V_M_BP_NM=%EA%B8%88%ED%98%B8%ED%8F%B4%EB%A6%AC%EC%BC%90&V_ITEM_CD=&V_ITEM_NM=5770&V_SWM_YN=&page=1&start=0&limit=25 HTTP/1.1" 200 43
192.168.123.29 - - [06/Aug/2020:10:12:57 +0900] "POST /HSPF01/TOT/iv/m_iv_tot_hspf/sql/M_IV_TOT_HSPF.jsp HTTP/1.1" 200 516
192.168.123.29 - - [06/Aug/2020:10:12:57 +0900] "GET /HSPF01/TOT/iv/m_iv_tot_hspf/sql/M_IV_TOT_HSPF.jsp?_dc=1596675858788&V_TYPE=SD&V_COMP_ID=HSN&V_USR_ID=YOUN0588&V_IV_NO=IV2020073000035&page=1&start=0&limit=25 HTTP/1.1" 200 3493
192.168.123.98 - - [06/Aug/2020:10:13:11 +0900] "POST /HSPF01/TOT/ex/s_bl_mst_tot_hspf/sql/S_BL_MST_TOT_HSPF.jsp HTTP/1.1" 200 536
192.168.123.98 - - [06/Aug/2020:10:13:11 +0900] "GET /HSPF01/TOT/ex/s_bl_mst_tot_hspf/sql/S_BL_MST_TOT_HSPF.jsp?_dc=1596675881481&V_TYPE=SD&V_COMP_ID=HSN&V_USR_ID=JHKIM&V_BL_NO=EB2020072800001&page=1&start=0&limit=25 HTTP/1.1" 200 3014
192.168.123.98 - - [06/Aug/2020:10:13:11 +0900] "GET /HSPF01/TOT/ex/s_bl_mst_tot_hspf/sql/S_BL_MST_TOT_HSPF.jsp?_dc=1596675881441&V_TYPE=SR&V_COMP_ID=HSN&V_USR_ID=JHKIM&V_DN_DT_FR=2020-07-01T00%3A00%3A00&V_DN_DT_TO=2020-08-06T00%3A00%3A00&V_S_BP_CD=AMERI&V_ITEM_CD=&V_ITEM_NM=&V_INV_NO=&page=1&start=0&limit=25 HTTP/1.1" 200 16795
192.168.123.98 - - [06/Aug/2020:10:13:30 +0900] "POST /HSPF01/common/sql/ERP_DB.jsp HTTP/1.1" 200 16
192.168.123.98 - - [06/Aug/2020:10:13:36 +0900] "GET /HSPF01/TOT/ex/s_bl_mst_tot_hspf/sql/S_BL_MST_TOT_HSPF.jsp?_dc=1596675905683&V_TYPE=SR&V_COMP_ID=HSN&V_USR_ID=JHKIM&V_DN_DT_FR=2020-07-01T00%3A00%3A00&V_DN_DT_TO=2020-08-06T00%3A00%3A00&V_S_BP_CD=AMERI&V_ITEM_CD=&V_ITEM_NM=&V_INV_NO=HSAU200730-90&page=1&start=0&limit=25 HTTP/1.1" 200 967
192.168.123.98 - - [06/Aug/2020:10:13:36 +0900] "POST /HSPF01/common/sql/ERP_DB.jsp HTTP/1.1" 200 21
192.168.123.98 - - [06/Aug/2020:10:13:38 +0900] "GET /HSPF01/common/sql/Combobox.jsp?_dc=1596675907949&query=&V_MAST_CD=SC07&V_GRID=Y&page=1&start=0&limit=25 HTTP/1.1" 200 407
192.168.123.98 - - [06/Aug/2020:10:13:40 +0900] "GET /HSPF01/common/sql/Combobox.jsp?_dc=1596675910501&query=&V_MAST_CD=MA04&V_GRID=Y&page=1&start=0&limit=25 HTTP/1.1" 200 884
123.141.69.182 - - [06/Aug/2020:10:13:59 +0900] "GET /HSPF01/HSPF03/ss3/bill/s_bill_steel/S_BILL_STEEL.jsp HTTP/1.1" 200 1423
123.141.69.182 - - [06/Aug/2020:10:14:00 +0900] "GET /HSPF01/HSPF03/ss3/bill/s_bill_steel/app/model/MyModel.js?_dc=1596675931188 HTTP/1.1" 200 1491
123.141.69.182 - - [06/Aug/2020:10:14:00 +0900] "GET /HSPF01/HSPF03/ss3/bill/s_bill_steel/app/view/MyViewport.js?_dc=1596675931188 HTTP/1.1" 200 27881
123.141.69.182 - - [06/Aug/2020:10:14:00 +0900] "GET /HSPF01/HSPF03/ss3/bill/s_bill_steel/app/view/TbButton.js?_dc=1596675931188 HTTP/1.1" 200 1934
123.141.69.182 - - [06/Aug/2020:10:14:00 +0900] "GET /HSPF01/HSPF03/ss3/bill/s_bill_steel/app/view/MyForm.js?_dc=1596675931188 HTTP/1.1" 200 4637
123.141.69.182 - - [06/Aug/2020:10:14:00 +0900] "GET /HSPF01/HSPF03/ss3/bill/s_bill_steel/app/view/MyGrid.js?_dc=1596675931188 HTTP/1.1" 200 15524
123.141.69.182 - - [06/Aug/2020:10:14:00 +0900] "GET /HSPF01/HSPF03/ss3/bill/s_bill_steel/app/view/MyGrid1.js?_dc=1596675931188 HTTP/1.1" 200 17940
123.141.69.182 - - [06/Aug/2020:10:14:00 +0900] "GET /HSPF01/HSPF03/ss3/bill/s_bill_steel/app/store/MyStore.js?_dc=1596675931188 HTTP/1.1" 200 1664
123.141.69.182 - - [06/Aug/2020:10:14:00 +0900] "GET /HSPF01/HSPF03/ss3/bill/s_bill_steel/app/store/MyStore1.js?_dc=1596675931188 HTTP/1.1" 200 1667
123.141.69.182 - - [06/Aug/2020:10:14:00 +0900] "GET /HSPF01/HSPF03/ss3/bill/s_bill_steel/app/store/PopStore.js?_dc=1596675931188 HTTP/1.1" 200 1667
123.141.69.182 - - [06/Aug/2020:10:14:00 +0900] "GET /HSPF01/common/popup/app//store/WinSBpPopStore.js?_dc=1596675931188 HTTP/1.1" 200 1527
123.141.69.182 - - [06/Aug/2020:10:14:00 +0900] "GET /HSPF01/common/popup/app//store/WinBpPopStore.js?_dc=1596675931188 HTTP/1.1" 200 1524
123.141.69.182 - - [06/Aug/2020:10:14:00 +0900] "GET /HSPF01/HSPF03/ss3/bill/s_bill_steel/app/controller/TbButtonController.js?_dc=1596675931188 HTTP/1.1" 200 6694
123.141.69.182 - - [06/Aug/2020:10:14:00 +0900] "GET /HSPF01/HSPF03/ss3/bill/s_bill_steel/app/controller/MyGridController1.js?_dc=1596675931188 HTTP/1.1" 200 5387
123.141.69.182 - - [06/Aug/2020:10:14:00 +0900] "GET /HSPF01/HSPF03/ss3/bill/s_bill_steel/app/controller/MyGridController.js?_dc=1596675931188 HTTP/1.1" 200 10100
123.141.69.182 - - [06/Aug/2020:10:14:00 +0900] "GET /HSPF01/HSPF03/ss3/bill/s_bill_steel/app/controller/PopController.js?_dc=1596675931188 HTTP/1.1" 200 4069
123.141.69.182 - - [06/Aug/2020:10:14:00 +0900] "GET /HSPF01/common/popup/app//controller/WinSBpPopController.js?_dc=1596675931188 HTTP/1.1" 200 8734
123.141.69.182 - - [06/Aug/2020:10:14:00 +0900] "GET /HSPF01/common/popup/app//controller/WinBpPopController.js?_dc=1596675931188 HTTP/1.1" 200 5231
123.141.69.182 - - [06/Aug/2020:10:14:00 +0900] "GET /HSPF01/common/sql/Combobox.jsp?_dc=1596675931312&V_MAST_CD=SC02&V_GRID=Y&page=1&start=0&limit=25 HTTP/1.1" 200 268
123.141.69.182 - - [06/Aug/2020:10:14:00 +0900] "GET /HSPF01/common/sql/Combobox.jsp?_dc=1596675931315&V_MAST_CD=MA16&V_GRID=Y&page=1&start=0&limit=25 HTTP/1.1" 200 139
123.141.69.182 - - [06/Aug/2020:10:14:00 +0900] "GET /HSPF01/common/sql/Combobox.jsp?_dc=1596675931317&V_MAST_CD=BA04&V_GRID=Y&page=1&start=0&limit=25 HTTP/1.1" 200 202
123.141.69.182 - - [06/Aug/2020:10:14:00 +0900] "GET /HSPF01/common/sql/Combobox.jsp?_dc=1596675931318&V_MAST_CD=MA03&V_GRID=Y&page=1&start=0&limit=25 HTTP/1.1" 200 3837
123.141.69.182 - - [06/Aug/2020:10:14:00 +0900] "GET /HSPF01/common/sql/Combobox.jsp?_dc=1596675931322&V_MAST_CD=MA04&V_GRID=Y&page=1&start=0&limit=25 HTTP/1.1" 200 884
123.141.69.182 - - [06/Aug/2020:10:14:00 +0900] "GET /HSPF01/HSPF03/ss3/bill/s_bill_steel/app/view/MyViewportViewModel.js?_dc=1596675931283 HTTP/1.1" 200 678
123.141.69.182 - - [06/Aug/2020:10:14:00 +0900] "GET /HSPF01/HSPF03/ss3/bill/s_bill_steel/app/view/MyViewportViewController.js?_dc=1596675931283 HTTP/1.1" 200 1019
123.141.69.182 - - [06/Aug/2020:10:14:00 +0900] "GET /HSPF01/HSPF03/ss3/bill/s_bill_steel/app/view/TbButtonViewModel.js?_dc=1596675931286 HTTP/1.1" 200 672
123.141.69.182 - - [06/Aug/2020:10:14:00 +0900] "GET /HSPF01/HSPF03/ss3/bill/s_bill_steel/app/view/MyGridViewModel.js?_dc=1596675931301 HTTP/1.1" 200 666
123.141.69.182 - - [06/Aug/2020:10:14:00 +0900] "GET /HSPF01/HSPF03/ss3/bill/s_bill_steel/app/view/MyGrid1ViewModel.js?_dc=1596675931303 HTTP/1.1" 200 675
123.141.69.182 - - [06/Aug/2020:10:14:00 +0900] "GET /HSPF01/common/popup/app//model/MyModel.js?_dc=1596675931328 HTTP/1.1" 200 1398
123.141.69.182 - - [06/Aug/2020:10:14:00 +0900] "GET /HSPF01/common/popup/app//view/WinSBpPop.js?_dc=1596675931340 HTTP/1.1" 200 5587
123.141.69.182 - - [06/Aug/2020:10:14:00 +0900] "GET /HSPF01/common/popup/app//view/WinBpPop.js?_dc=1596675931344 HTTP/1.1" 200 5267
123.141.69.182 - - [06/Aug/2020:10:14:00 +0900] "GET /HSPF01/common/popup/app//view/WinSBpPopViewModel.js?_dc=1596675931438 HTTP/1.1" 200 667
123.141.69.182 - - [06/Aug/2020:10:14:00 +0900] "GET /HSPF01/common/popup/app//view/WinSBpGrid.js?_dc=1596675931438 HTTP/1.1" 200 1800
123.141.69.182 - - [06/Aug/2020:10:14:00 +0900] "GET /HSPF01/common/popup/app//view/WinBpPopViewModel.js?_dc=1596675931455 HTTP/1.1" 200 667
123.141.69.182 - - [06/Aug/2020:10:14:00 +0900] "GET /HSPF01/common/popup/app//view/WinBpGrid.js?_dc=1596675931455 HTTP/1.1" 200 1727
123.141.69.182 - - [06/Aug/2020:10:14:04 +0900] "GET /HSPF01/HSPF03/ss3/bill/s_bill_steel/sql/S_BILL_STEEL.jsp?_dc=1596675934760&V_TYPE=SH&V_COMP_ID=HSN&V_USR_ID=JAEWON9160&V_DN_DT_FR=2020-07-01T00%3A00%3A00&V_DN_DT_TO=2020-08-06T00%3A00%3A00&V_S_BP_NM=&page=1&start=0&limit=25 HTTP/1.1" 200 12372
192.168.123.98 - - [06/Aug/2020:10:14:48 +0900] "POST /HSPF01/common/sql/ERP_DB.jsp HTTP/1.1" 200 21
192.168.123.98 - - [06/Aug/2020:10:14:51 +0900] "POST /HSPF01/TOT/ex/s_bl_mst_tot_hspf/sql/S_BL_MST_TOT_HSPF.jsp HTTP/1.1" 200 25
192.168.123.98 - - [06/Aug/2020:10:14:51 +0900] "POST /HSPF01/TOT/ex/s_bl_mst_tot_hspf/sql/S_BL_MST_TOT_HSPF.jsp?_dc=1596675981359 HTTP/1.1" 200 43
192.168.123.98 - - [06/Aug/2020:10:14:51 +0900] "POST /HSPF01/TOT/ex/s_bl_mst_tot_hspf/sql/S_BL_MST_TOT_HSPF.jsp?_dc=1596675981392 HTTP/1.1" 200 43
192.168.123.98 - - [06/Aug/2020:10:14:51 +0900] "POST /HSPF01/TOT/ex/s_bl_mst_tot_hspf/sql/S_BL_MST_TOT_HSPF.jsp HTTP/1.1" 200 447
192.168.123.98 - - [06/Aug/2020:10:14:51 +0900] "GET /HSPF01/TOT/ex/s_bl_mst_tot_hspf/sql/S_BL_MST_TOT_HSPF.jsp?_dc=1596675981518&V_TYPE=SD&V_COMP_ID=HSN&V_USR_ID=JHKIM&V_BL_NO=EB2020073100009&page=1&start=0&limit=25 HTTP/1.1" 200 632
192.168.123.98 - - [06/Aug/2020:10:14:51 +0900] "GET /HSPF01/TOT/ex/s_bl_mst_tot_hspf/sql/S_BL_MST_TOT_HSPF.jsp?_dc=1596675981491&V_TYPE=SR&V_COMP_ID=HSN&V_USR_ID=JHKIM&V_DN_DT_FR=2020-07-01T00%3A00%3A00&V_DN_DT_TO=2020-08-06T00%3A00%3A00&V_S_BP_CD=AMERI&V_ITEM_CD=&V_ITEM_NM=&V_INV_NO=HSAU200730-90&page=1&start=0&limit=25 HTTP/1.1" 200 43
192.168.123.98 - - [06/Aug/2020:10:14:57 +0900] "GET /HSPF01/SWM/sale/sale1/blhana/sql/InvDtlReg.jsp?_dc=1596675986913&V_BL_MGM_NO=MB2020073100001&page=1&start=0&limit=25 HTTP/1.1" 200 143
192.168.123.98 - - [06/Aug/2020:10:14:58 +0900] "GET /HSPF01/SWM/sale/sale1/blhana/sql/InvDtlReg.jsp?_dc=1596675987850&V_BL_MGM_NO=MB2020073100001&page=1&start=0&limit=25 HTTP/1.1" 200 143
192.168.123.98 - - [06/Aug/2020:10:14:59 +0900] "POST /HSPF01/SWM/sale/sale1/blhana/sql/BlInsertSql.jsp?_dc=1596675988866 HTTP/1.1" 200 49
192.168.123.98 - - [06/Aug/2020:10:14:59 +0900] "GET /HSPF01/SWM/sale/sale1/blhana/sql/BlHsnaSql.jsp?_dc=1596675988924&u_lading_from_dt=2020-07-30T00%3A00%3A00&u_lading_to_dt=2020-09-05T00%3A00%3A00&page=1&start=0&limit=25 HTTP/1.1" 200 1251
192.168.123.98 - - [06/Aug/2020:10:14:59 +0900] "GET /HSPF01/SWM/sale/sale1/blhana/sql/InvHdrReg.jsp?_dc=1596675988953&u_inv_no=&u_lading_from_dt=2020-07-30T00%3A00%3A00&u_lading_to_dt=2020-09-05T00%3A00%3A00&page=1&start=0&limit=25 HTTP/1.1" 200 287
192.168.123.98 - - [06/Aug/2020:10:15:19 +0900] "POST /HSPF01/TOT/ex/s_bl_mst_tot_hspf/sql/S_BL_MST_TOT_HSPF.jsp HTTP/1.1" 200 16
192.168.123.98 - - [06/Aug/2020:10:15:19 +0900] "POST /HSPF01/TOT/ex/s_bl_mst_tot_hspf/sql/S_BL_MST_TOT_HSPF.jsp?_dc=1596676009108 HTTP/1.1" 200 43
192.168.123.98 - - [06/Aug/2020:10:15:19 +0900] "POST /HSPF01/TOT/ex/s_bl_mst_tot_hspf/sql/S_BL_MST_TOT_HSPF.jsp HTTP/1.1" 200 447
192.168.123.98 - - [06/Aug/2020:10:15:19 +0900] "GET /HSPF01/TOT/ex/s_bl_mst_tot_hspf/sql/S_BL_MST_TOT_HSPF.jsp?_dc=1596676009228&V_TYPE=SD&V_COMP_ID=HSN&V_USR_ID=JHKIM&V_BL_NO=EB2020073100009&page=1&start=0&limit=25 HTTP/1.1" 200 632
192.168.123.98 - - [06/Aug/2020:10:15:19 +0900] "GET /HSPF01/TOT/ex/s_bl_mst_tot_hspf/sql/S_BL_MST_TOT_HSPF.jsp?_dc=1596676009202&V_TYPE=SR&V_COMP_ID=HSN&V_USR_ID=JHKIM&V_DN_DT_FR=2020-07-01T00%3A00%3A00&V_DN_DT_TO=2020-08-06T00%3A00%3A00&V_S_BP_CD=AMERI&V_ITEM_CD=&V_ITEM_NM=&V_INV_NO=HSAU200730-90&page=1&start=0&limit=25 HTTP/1.1" 200 43
192.168.123.98 - - [06/Aug/2020:10:15:23 +0900] "POST /HSPF01/TOT/ex/s_bl_mst_tot_hspf/sql/S_BL_MST_TOT_HSPF.jsp HTTP/1.1" 200 137
192.168.123.98 - - [06/Aug/2020:10:15:23 +0900] "POST /HSPF01/TOT/ex/s_bl_mst_tot_hspf/sql/S_BL_MST_TOT_HSPF.jsp HTTP/1.1" 200 477
192.168.123.98 - - [06/Aug/2020:10:15:24 +0900] "GET /HSPF01/TOT/ex/s_bl_mst_tot_hspf/sql/S_BL_MST_TOT_HSPF.jsp?_dc=1596676013842&V_TYPE=SD&V_COMP_ID=HSN&V_USR_ID=JHKIM&V_BL_NO=EB2020073100009&page=1&start=0&limit=25 HTTP/1.1" 200 632
192.168.123.98 - - [06/Aug/2020:10:15:24 +0900] "GET /HSPF01/TOT/ex/s_bl_mst_tot_hspf/sql/S_BL_MST_TOT_HSPF.jsp?_dc=1596676013808&V_TYPE=SR&V_COMP_ID=HSN&V_USR_ID=JHKIM&V_DN_DT_FR=2020-07-01T00%3A00%3A00&V_DN_DT_TO=2020-08-06T00%3A00%3A00&V_S_BP_CD=AMERI&V_ITEM_CD=&V_ITEM_NM=&V_INV_NO=HSAU200730-90&page=1&start=0&limit=25 HTTP/1.1" 200 43
192.168.123.98 - - [06/Aug/2020:10:15:26 +0900] "GET /HSPF01/TOT/ex/s_bl_mst_tot_hspf/sql/S_BL_MST_TOT_HSPF_FILE.jsp?_dc=1596676016171&V_TYPE=S&V_COMP_ID=HSN&V_USR_ID=JHKIM&V_BL_NO=EB2020073100009&page=1&start=0&limit=25 HTTP/1.1" 200 43
123.141.69.182 - - [06/Aug/2020:10:15:34 +0900] "GET /HSPF01/HSPF03/ss3/dn/s_dn_paper/sql/S_DN_PAPER.jsp?_dc=1596676025366&V_TYPE=T2D&V_COMP_ID=HSN&V_USR_ID=JAEWON9160&V_PRINT_NO=20200730-002&page=1&start=0&limit=25 HTTP/1.1" 200 1120
192.168.123.98 - - [06/Aug/2020:10:15:36 +0900] "POST /HSPF01/TOT/ex/s_bl_mst_tot_hspf/sql/S_BL_MST_TOT_HSPF_FILE.jsp?V_TYPE=I&V_BL_NO=EB2020073100009&V_DOC_TYPE=INV&V_COMP_ID=HSN&V_USR_ID=JHKIM HTTP/1.1" 200 27
192.168.123.98 - - [06/Aug/2020:10:15:36 +0900] "GET /HSPF01/TOT/ex/s_bl_mst_tot_hspf/sql/S_BL_MST_TOT_HSPF_FILE.jsp?_dc=1596676026142&V_TYPE=S&V_COMP_ID=HSN&V_BL_NO=EB2020073100009&V_USR_ID=JHKIM&page=1&start=0&limit=25 HTTP/1.1" 200 211
192.168.123.98 - - [06/Aug/2020:10:15:40 +0900] "POST /HSPF01/TOT/ex/s_bl_mst_tot_hspf/sql/S_BL_MST_TOT_HSPF_FILE.jsp?V_TYPE=I&V_BL_NO=EB2020073100009&V_DOC_TYPE=BL&V_COMP_ID=HSN&V_USR_ID=JHKIM HTTP/1.1" 200 27
192.168.123.98 - - [06/Aug/2020:10:15:40 +0900] "GET /HSPF01/TOT/ex/s_bl_mst_tot_hspf/sql/S_BL_MST_TOT_HSPF_FILE.jsp?_dc=1596676030561&V_TYPE=S&V_COMP_ID=HSN&V_BL_NO=EB2020073100009&V_USR_ID=JHKIM&page=1&start=0&limit=25 HTTP/1.1" 200 397
123.141.69.182 - - [06/Aug/2020:10:15:44 +0900] "POST /HSPF01/HSPF03/ss3/bill/s_bill_steel/sql/S_BILL_STEEL.jsp HTTP/1.1" 200 25
123.141.69.182 - - [06/Aug/2020:10:15:44 +0900] "POST /HSPF01/HSPF03/ss3/bill/s_bill_steel/sql/S_BILL_STEEL.jsp?_dc=1596676034969 HTTP/1.1" 200 17
123.141.69.182 - - [06/Aug/2020:10:15:44 +0900] "GET /HSPF01/HSPF03/ss3/bill/s_bill_steel/sql/S_BILL_STEEL.jsp?_dc=1596676035080&V_TYPE=SH&V_COMP_ID=HSN&V_USR_ID=JAEWON9160&V_DN_DT_FR=2020-07-01T00%3A00%3A00&V_DN_DT_TO=2020-08-06T00%3A00%3A00&V_S_BP_NM=&page=1&start=0&limit=25 HTTP/1.1" 200 10786
123.141.69.182 - - [06/Aug/2020:10:15:44 +0900] "POST /HSPF01/HSPF03/ss3/bill/s_bill_steel/sql/S_BILL_STEEL.jsp HTTP/1.1" 200 369
123.141.69.182 - - [06/Aug/2020:10:15:44 +0900] "GET /HSPF01/HSPF03/ss3/bill/s_bill_steel/sql/S_BILL_STEEL.jsp?_dc=1596676035330&V_TYPE=SD&V_COMP_ID=HSN&V_USR_ID=JAEWON9160&V_BILL_NO=BN2020073000060&page=1&start=0&limit=25 HTTP/1.1" 200 1101
123.141.69.182 - - [06/Aug/2020:10:15:46 +0900] "POST /HSPF01/HSPF03/ss3/bill/s_bill_steel/sql/S_BILL_STEEL.jsp HTTP/1.1" 200 137
123.141.69.182 - - [06/Aug/2020:10:15:46 +0900] "GET /HSPF01/HSPF03/ss3/bill/s_bill_steel/sql/S_BILL_STEEL.jsp?_dc=1596676037247&V_TYPE=SH&V_COMP_ID=HSN&V_USR_ID=JAEWON9160&V_DN_DT_FR=2020-07-01T00%3A00%3A00&V_DN_DT_TO=2020-08-06T00%3A00%3A00&V_S_BP_NM=&page=1&start=0&limit=25 HTTP/1.1" 200 10786
123.141.69.182 - - [06/Aug/2020:10:15:46 +0900] "POST /HSPF01/HSPF03/ss3/bill/s_bill_steel/sql/S_BILL_STEEL.jsp HTTP/1.1" 200 381
123.141.69.182 - - [06/Aug/2020:10:15:46 +0900] "GET /HSPF01/HSPF03/ss3/bill/s_bill_steel/sql/S_BILL_STEEL.jsp?_dc=1596676037552&V_TYPE=SD&V_COMP_ID=HSN&V_USR_ID=JAEWON9160&V_BILL_NO=BN2020073000060&page=1&start=0&limit=25 HTTP/1.1" 200 1101
192.168.123.98 - - [06/Aug/2020:10:16:08 +0900] "POST /HSPF01/TOT/ex/s_bl_mst_tot_hspf/sql/S_BL_MST_TOT_HSPF_FILE.jsp?V_TYPE=I&V_BL_NO=EB2020073100009&V_DOC_TYPE=EXP&V_COMP_ID=HSN&V_USR_ID=JHKIM HTTP/1.1" 200 27
192.168.123.98 - - [06/Aug/2020:10:16:08 +0900] "GET /HSPF01/TOT/ex/s_bl_mst_tot_hspf/sql/S_BL_MST_TOT_HSPF_FILE.jsp?_dc=1596676058468&V_TYPE=S&V_COMP_ID=HSN&V_BL_NO=EB2020073100009&V_USR_ID=JHKIM&page=1&start=0&limit=25 HTTP/1.1" 200 573
192.168.123.98 - - [06/Aug/2020:10:16:19 +0900] "POST /HSPF01/TOT/ex/s_bl_mst_tot_hspf/sql/S_BL_MST_TOT_HSPF_FILE.jsp?V_TYPE=I&V_BL_NO=EB2020073100009&V_DOC_TYPE=INS&V_COMP_ID=HSN&V_USR_ID=JHKIM HTTP/1.1" 200 27
192.168.123.98 - - [06/Aug/2020:10:16:19 +0900] "GET /HSPF01/TOT/ex/s_bl_mst_tot_hspf/sql/S_BL_MST_TOT_HSPF_FILE.jsp?_dc=1596676069735&V_TYPE=S&V_COMP_ID=HSN&V_BL_NO=EB2020073100009&V_USR_ID=JHKIM&page=1&start=0&limit=25 HTTP/1.1" 200 573
192.168.123.98 - - [06/Aug/2020:10:16:38 +0900] "POST /HSPF01/TOT/ex/s_bl_mst_tot_hspf/sql/S_BL_MST_TOT_HSPF_FILE.jsp?V_TYPE=I&V_BL_NO=EB2020073100009&V_DOC_TYPE=INV&V_COMP_ID=HSN&V_USR_ID=JHKIM HTTP/1.1" 200 27
192.168.123.98 - - [06/Aug/2020:10:16:38 +0900] "GET /HSPF01/TOT/ex/s_bl_mst_tot_hspf/sql/S_BL_MST_TOT_HSPF_FILE.jsp?_dc=1596676088236&V_TYPE=S&V_COMP_ID=HSN&V_BL_NO=EB2020073100009&V_USR_ID=JHKIM&page=1&start=0&limit=25 HTTP/1.1" 200 573
192.168.123.98 - - [06/Aug/2020:10:16:57 +0900] "POST /HSPF01/TOT/ex/s_bl_mst_tot_hspf/sql/S_BL_MST_TOT_HSPF_FILE.jsp?V_TYPE=I&V_BL_NO=EB2020073100009&V_DOC_TYPE=INV&V_COMP_ID=HSN&V_USR_ID=JHKIM HTTP/1.1" 200 27
192.168.123.98 - - [06/Aug/2020:10:16:57 +0900] "GET /HSPF01/TOT/ex/s_bl_mst_tot_hspf/sql/S_BL_MST_TOT_HSPF_FILE.jsp?_dc=1596676107190&V_TYPE=S&V_COMP_ID=HSN&V_BL_NO=EB2020073100009&V_USR_ID=JHKIM&page=1&start=0&limit=25 HTTP/1.1" 200 749
192.168.123.98 - - [06/Aug/2020:10:17:09 +0900] "POST /HSPF01/TOT/ex/s_bl_mst_tot_hspf/sql/S_BL_MST_TOT_HSPF_FILE.jsp?V_TYPE=I&V_BL_NO=EB2020073100009&V_DOC_TYPE=INS&V_COMP_ID=HSN&V_USR_ID=JHKIM HTTP/1.1" 200 27
192.168.123.98 - - [06/Aug/2020:10:17:10 +0900] "GET /HSPF01/TOT/ex/s_bl_mst_tot_hspf/sql/S_BL_MST_TOT_HSPF_FILE.jsp?_dc=1596676119931&V_TYPE=S&V_COMP_ID=HSN&V_BL_NO=EB2020073100009&V_USR_ID=JHKIM&page=1&start=0&limit=25 HTTP/1.1" 200 749
123.141.69.182 - - [06/Aug/2020:10:18:08 +0900] "GET /HSPF01/HSPF03/ss3/dn/s_dn_paper/sql/S_DN_PAPER.jsp?_dc=1596676179514&V_TYPE=S1&V_COMP_ID=HSN&V_USR_ID=JAEWON9160&V_DN_REQ_DT=2020-07-31T00%3A00%3A00&V_S_BP_NM=&page=1&start=0&limit=25 HTTP/1.1" 200 43
123.141.69.182 - - [06/Aug/2020:10:18:08 +0900] "GET /HSPF01/HSPF03/ss3/dn/s_dn_paper/sql/S_DN_PAPER.jsp?_dc=1596676179572&V_TYPE=T2H&V_COMP_ID=HSN&V_USR_ID=JAEWON9160&V_DN_REQ_DT=2020-07-31T00%3A00%3A00&V_S_BP_NM=&page=1&start=0&limit=25 HTTP/1.1" 200 4865
123.141.69.182 - - [06/Aug/2020:10:18:08 +0900] "GET /HSPF01/HSPF03/ss3/dn/s_dn_paper/sql/S_DN_PAPER.jsp?_dc=1596676179639&V_TYPE=T3&V_COMP_ID=HSN&V_USR_ID=JAEWON9160&V_DN_REQ_DT=2020-07-31T00%3A00%3A00&V_S_BP_NM=&page=1&start=0&limit=25 HTTP/1.1" 200 17396
123.141.69.182 - - [06/Aug/2020:10:18:16 +0900] "GET /HSPF01/HSPF03/ss3/dn/s_dn_paper/sql/S_DN_PAPER.jsp?_dc=1596676186853&V_TYPE=T2D&V_COMP_ID=HSN&V_USR_ID=JAEWON9160&V_PRINT_NO=20200731-006&page=1&start=0&limit=25 HTTP/1.1" 200 664
123.141.69.182 - - [06/Aug/2020:10:18:17 +0900] "GET /HSPF01/HSPF03/ss3/dn/s_dn_paper/sql/S_DN_PAPER.jsp?_dc=1596676188434&V_TYPE=T2D&V_COMP_ID=HSN&V_USR_ID=JAEWON9160&V_PRINT_NO=20200731-005&page=1&start=0&limit=25 HTTP/1.1" 200 660
